starting server...
starting worker...
registering APIs...
good to go
